../Core/Src/main.c:83:5:main	8	static
../Core/Src/main.c:137:6:SystemClock_Config	96	static
../Core/Src/main.c:182:13:MX_TIM3_Init	48	static
../Core/Src/main.c:240:13:MX_USART1_UART_Init	8	static
../Core/Src/main.c:275:13:MX_GPIO_Init	48	static
../Core/Src/main.c:303:5:_write	24	static
../Core/Src/main.c:338:1:__io_putchar	16	static
../Core/Src/main.c:345:6:HAL_TIM_IC_CaptureCallback	24	static
../Core/Src/main.c:372:6:decodeIR	16	static
../Core/Src/main.c:391:6:Error_Handler	8	static,ignoring_inline_asm
