../Core/Src/main.c:81:5:main	32	static
../Core/Src/main.c:176:6:SystemClock_Config	96	static
../Core/Src/main.c:221:13:MX_TIM3_Init	32	static
../Core/Src/main.c:266:13:MX_TIM15_Init	96	static
../Core/Src/main.c:341:13:MX_USART1_UART_Init	8	static
../Core/Src/main.c:374:13:MX_DMA_Init	16	static
../Core/Src/main.c:392:13:MX_GPIO_Init	48	static
../Core/Src/main.c:431:5:_write	24	static
../Core/Src/main.c:461:1:__io_putchar	16	static
../Core/Src/main.c:470:6:HAL_GPIO_EXTI_Callback	16	static
../Core/Src/main.c:512:6:Error_Handler	8	static,ignoring_inline_asm
