../Core/Src/main.c:100:5:main	40	static
../Core/Src/main.c:255:6:SystemClock_Config	88	static
../Core/Src/main.c:298:13:MX_ADC1_Init	24	static
../Core/Src/main.c:342:13:MX_TIM1_Init	32	static
../Core/Src/main.c:385:13:MX_TIM2_Init	64	static
../Core/Src/main.c:452:13:MX_TIM3_Init	64	static
../Core/Src/main.c:519:13:MX_TIM4_Init	64	static
../Core/Src/main.c:586:13:MX_USART1_UART_Init	8	static
../Core/Src/main.c:617:13:MX_GPIO_Init	40	static
../Core/Src/main.c:668:5:_write	24	static
../Core/Src/main.c:698:1:__io_putchar	16	static
../Core/Src/main.c:705:6:HAL_GPIO_EXTI_Callback	16	static
../Core/Src/main.c:735:6:setAllBlue	8	static
../Core/Src/main.c:742:6:turnAllOff	8	static
../Core/Src/main.c:749:6:GlitteringWavesEffect	16	static
../Core/Src/main.c:767:6:EnchantedRippleEffect	8	static
../Core/Src/main.c:787:6:TwinklingGlowEffect	16	static
../Core/Src/main.c:810:6:CarTurnSignalEffect	16	static
../Core/Src/main.c:840:6:Error_Handler	4	static,ignoring_inline_asm
