../Core/Src/main.c:109:5:main	1392	static
../Core/Src/main.c:286:6:SystemClock_Config	88	static
../Core/Src/main.c:333:13:MX_ADC1_Init	24	static
../Core/Src/main.c:380:13:MX_TIM1_Init	32	static
../Core/Src/main.c:426:13:MX_TIM2_Init	64	static
../Core/Src/main.c:497:13:MX_TIM3_Init	64	static
../Core/Src/main.c:568:13:MX_TIM4_Init	64	static
../Core/Src/main.c:639:13:MX_USART1_UART_Init	8	static
../Core/Src/main.c:670:13:MX_DMA_Init	16	static
../Core/Src/main.c:697:13:MX_GPIO_Init	40	static
../Core/Src/main.c:752:5:_write	24	static
../Core/Src/main.c:782:1:__io_putchar	16	static
../Core/Src/main.c:789:6:HAL_GPIO_EXTI_Callback	16	static
../Core/Src/main.c:820:6:outputControl	16	static
../Core/Src/main.c:829:6:setAllBlue	16	static
../Core/Src/main.c:837:6:turnAllOff	16	static
../Core/Src/main.c:844:6:GlitteringWavesEffect	16	static
../Core/Src/main.c:862:6:EnchantedRippleEffect	16	static
../Core/Src/main.c:883:6:TwinklingGlowEffect	16	static
../Core/Src/main.c:906:6:CarTurnSignalEffect	16	static
../Core/Src/main.c:930:6:TestMode	24	static
../Core/Src/main.c:1007:6:Error_Handler	4	static,ignoring_inline_asm
